// Vitest Snapshot v1

exports[`hello-world > test 1`] = `<HelloWorld />`;
